// Jest Snapshot v1, https://goo.gl/fbAQLP

exports[`<Settings/> renders correctly 1`] = `
<div
  className="row"
>
  <div
    className="col"
  />
  <div
    className="col-md-10"
  >
    <button
      className="btn btn-dark btn-md btn btn-primary"
      disabled={false}
      onClick={[Function]}
      type="button"
    >
      <svg
        className="bi bi-arrow-left-circle-fill"
        fill="currentColor"
        height="1em"
        viewBox="0 0 18 18"
        width="1em"
        xmlns="http://www.w3.org/2000/svg"
      >
        <path
          d="M16 8A8 8 0 1 1 0 8a8 8 0 0 1 16 0zm-4.5.5a.5.5 0 0 0 0-1H5.707l2.147-2.146a.5.5 0 1 0-.708-.708l-3 3a.5.5 0 0 0 0 .708l3 3a.5.5 0 0 0 .708-.708L5.707 8.5H11.5z"
          fillRule="evenodd"
        />
      </svg>
       Go Back
    </button>
    <form
      action="#"
      id="#"
      method="post"
    >
      <div
        className="form-group"
      >
        <div />
        <br />
        <label>
          Project ID 
        </label>
        <input
          className="form-control"
          name="projectid"
          onChange={[Function]}
          type="text"
          value=""
        />
        <br />
        <label>
          Server 
        </label>
        <input
          className="form-control"
          name="server"
          onChange={[Function]}
          type="text"
          value="https://api.zvi.zorroa.com"
        />
        <br />
        <label>
          Paste your apikey 
        </label>
        <input
          className="form-control"
          name="apikey"
          onChange={[Function]}
          type="password"
          value=""
        />
      </div>
      <div>
        <button
          className="btn btn-primary"
          onClick={[Function]}
          type="button"
          width="100%"
        >
          Submit
        </button>
      </div>
      <br />
      <br />
      <button
        className="btn btn-default btn-md btn btn-secondary btn btn-primary"
        disabled={false}
        onClick={[Function]}
        type="button"
      >
        <svg
          className="bi bi-x-circle"
          fill="currentColor"
          height="1em"
          viewBox="0 0 22 22"
          width="1em"
          xmlns="http://www.w3.org/2000/svg"
        >
          <path
            d="M8 15A7 7 0 1 0 8 1a7 7 0 0 0 0 14zm0 1A8 8 0 1 0 8 0a8 8 0 0 0 0 16z"
            fillRule="evenodd"
          />
          <path
            d="M4.646 4.646a.5.5 0 0 1 .708 0L8 7.293l2.646-2.647a.5.5 0 0 1 .708.708L8.707 8l2.647 2.646a.5.5 0 0 1-.708.708L8 8.707l-2.646 2.647a.5.5 0 0 1-.708-.708L7.293 8 4.646 5.354a.5.5 0 0 1 0-.708z"
            fillRule="evenodd"
          />
        </svg>
         Clear Cache
      </button>
      <br />
      <span
        className="note"
      >
        *This clears your apikey and files downloaded from ZMLP.
      </span>
    </form>
  </div>
  <div
    className="col"
  />
</div>
`;
